// Jest Snapshot v1, https://goo.gl/fbAQLP

exports[`Query.chat should fetch specified chat 1`] = `
Object {
  "chat": null,
}
`;
