// Jest Snapshot v1, https://goo.gl/fbAQLP

exports[`Query.me should fetch current user 1`] = `
Object {
  "me": null,
}
`;
