// Jest Snapshot v1, https://goo.gl/fbAQLP

exports[`Query.getUsers should fetch all users except the one signed-in 1`] = `
Object {
  "users": Array [],
}
`;

exports[`Query.getUsers should fetch all users except the one signed-in 2`] = `
Object {
  "users": Array [],
}
`;
